// Jest Snapshot v1, https://goo.gl/fbAQLP

exports[`FileActions matches snapshot 1`] = `
<div>
  <td
    class="w-[10%] px-6 py-4 text-right space-x-4 whitespace-nowrap"
  >
    <a
      class="text-blue-600 hover:text-blue-800 inline-block "
      download="test.pdf"
      href="/api/drive/download?id=123&name=test.pdf"
    >
      <svg
        aria-hidden="true"
        class="size-5"
        data-slot="icon"
        data-testid="download-icon"
        fill="none"
        stroke="currentColor"
        stroke-width="1.5"
        viewBox="0 0 24 24"
        xmlns="http://www.w3.org/2000/svg"
      >
        <path
          d="M3 16.5v2.25A2.25 2.25 0 0 0 5.25 21h13.5A2.25 2.25 0 0 0 21 18.75V16.5M16.5 12 12 16.5m0 0L7.5 12m4.5 4.5V3"
          stroke-linecap="round"
          stroke-linejoin="round"
        />
      </svg>
    </a>
    <button
      class="text-red-500 hover:text-red-700"
    >
      <svg
        aria-hidden="true"
        class="size-5"
        data-slot="icon"
        fill="none"
        stroke="currentColor"
        stroke-width="1.5"
        viewBox="0 0 24 24"
        xmlns="http://www.w3.org/2000/svg"
      >
        <path
          d="m14.74 9-.346 9m-4.788 0L9.26 9m9.968-3.21c.342.052.682.107 1.022.166m-1.022-.165L18.16 19.673a2.25 2.25 0 0 1-2.244 2.077H8.084a2.25 2.25 0 0 1-2.244-2.077L4.772 5.79m14.456 0a48.108 48.108 0 0 0-3.478-.397m-12 .562c.34-.059.68-.114 1.022-.165m0 0a48.11 48.11 0 0 1 3.478-.397m7.5 0v-.916c0-1.18-.91-2.164-2.09-2.201a51.964 51.964 0 0 0-3.32 0c-1.18.037-2.09 1.022-2.09 2.201v.916m7.5 0a48.667 48.667 0 0 0-7.5 0"
          stroke-linecap="round"
          stroke-linejoin="round"
        />
      </svg>
    </button>
  </td>
</div>
`;
