// Jest Snapshot v1, https://goo.gl/fbAQLP

exports[`TableHeader matches snapshot 1`] = `
<div>
  <thead
    class="sticky top-0 z-10 border-b border-[var(--color-card-border)] bg-[var(--color-card-bg)] text-left text-muted-foreground font-bold"
  >
    <tr>
      <th
        class="px-6 py-4 w-[40%]"
      >
        Filename
      </th>
      <th
        class="px-6 py-4 w-[25%]"
      >
        Type
      </th>
      <th
        class="px-6 py-4 w-[25%]"
      >
        Modified
      </th>
      <th
        class="px-6 py-4 w-[10%] text-right"
      >
        Actions
      </th>
    </tr>
  </thead>
</div>
`;
